2026-09-10 13:10:30,015 | INFO | Starting Training Pipeline
2026-09-10 13:10:30,018 | INFO | 10 CSV files found.
2026-09-10 13:10:30,023 | INFO | Processing 02-14-2018.csv
2026-09-10 13:10:33,572 | INFO | 02-14-2018.csv | Chunk 1 | Rows: 100000 | Total: 100000
2026-09-10 13:10:37,641 | INFO | 02-14-2018.csv | Chunk 2 | Rows: 100000 | Total: 200000
2026-09-10 13:10:42,190 | INFO | 02-14-2018.csv | Chunk 3 | Rows: 100000 | Total: 300000
2026-09-10 13:10:46,538 | INFO | 02-14-2018.csv | Chunk 4 | Rows: 100000 | Total: 400000
2026-09-10 13:10:51,194 | INFO | 02-14-2018.csv | Chunk 5 | Rows: 100000 | Total: 500000
2026-09-10 13:10:55,661 | INFO | 02-14-2018.csv | Chunk 6 | Rows: 100000 | Total: 600000
2026-09-10 13:11:00,128 | INFO | 02-14-2018.csv | Chunk 7 | Rows: 100000 | Total: 700000
2026-09-10 13:11:04,832 | INFO | 02-14-2018.csv | Chunk 8 | Rows: 100000 | Total: 800000
2026-09-10 13:11:09,402 | INFO | 02-14-2018.csv | Chunk 9 | Rows: 100000 | Total: 900000
2026-09-10 13:11:14,089 | INFO | 02-14-2018.csv | Chunk 10 | Rows: 100000 | Total: 1000000
2026-09-10 13:11:16,231 | INFO | 02-14-2018.csv | Chunk 11 | Rows: 48575 | Total: 1048575
2026-09-10 13:11:16,233 | INFO | Processing 02-15-2018.csv
2026-09-10 13:11:20,966 | INFO | 02-15-2018.csv | Chunk 1 | Rows: 100000 | Total: 1148575
2026-09-10 13:11:29,908 | INFO | 02-15-2018.csv | Chunk 2 | Rows: 100000 | Total: 1248575
2026-09-10 13:11:40,055 | INFO | 02-15-2018.csv | Chunk 3 | Rows: 100000 | Total: 1348575
2026-09-10 13:11:49,522 | INFO | 02-15-2018.csv | Chunk 4 | Rows: 100000 | Total: 1448575
2026-09-10 13:11:58,481 | INFO | 02-15-2018.csv | Chunk 5 | Rows: 100000 | Total: 1548575
2026-09-10 13:12:10,048 | INFO | 02-15-2018.csv | Chunk 6 | Rows: 100000 | Total: 1648575
2026-09-10 13:12:19,143 | INFO | 02-15-2018.csv | Chunk 7 | Rows: 100000 | Total: 1748575
2026-09-10 13:12:23,841 | INFO | 02-15-2018.csv | Chunk 8 | Rows: 100000 | Total: 1848575
2026-09-10 13:12:28,417 | INFO | 02-15-2018.csv | Chunk 9 | Rows: 100000 | Total: 1948575
2026-09-10 13:12:33,384 | INFO | 02-15-2018.csv | Chunk 10 | Rows: 100000 | Total: 2048575
2026-09-10 13:12:35,759 | INFO | 02-15-2018.csv | Chunk 11 | Rows: 48575 | Total: 2097150
2026-09-10 13:12:35,762 | INFO | Processing 02-16-2018.csv
2026-09-10 13:12:39,317 | INFO | 02-16-2018.csv | Chunk 1 | Rows: 100000 | Total: 2197150
2026-09-10 13:12:45,600 | INFO | 02-16-2018.csv | Chunk 2 | Rows: 100000 | Total: 2297150
2026-09-10 13:12:54,002 | INFO | 02-16-2018.csv | Chunk 3 | Rows: 100000 | Total: 2397150
2026-09-10 13:13:03,429 | INFO | 02-16-2018.csv | Chunk 4 | Rows: 100000 | Total: 2497150
2026-09-10 13:13:11,245 | INFO | 02-16-2018.csv | Chunk 5 | Rows: 100000 | Total: 2597150
2026-09-10 13:13:18,465 | INFO | 02-16-2018.csv | Chunk 6 | Rows: 100000 | Total: 2697150
2026-09-10 13:13:28,368 | INFO | 02-16-2018.csv | Chunk 7 | Rows: 100000 | Total: 2797150
2026-09-10 13:13:36,616 | INFO | 02-16-2018.csv | Chunk 8 | Rows: 100000 | Total: 2897150
2026-09-10 13:13:44,458 | INFO | 02-16-2018.csv | Chunk 9 | Rows: 100000 | Total: 2997150
2026-09-10 13:13:56,911 | INFO | 02-16-2018.csv | Chunk 10 | Rows: 100000 | Total: 3097150
2026-09-10 13:14:00,047 | INFO | 02-16-2018.csv | Chunk 11 | Rows: 48575 | Total: 3145725
2026-09-10 13:14:00,052 | INFO | Processing 02-20-2018.csv
2026-09-10 13:14:10,082 | INFO | 02-20-2018.csv | Chunk 1 | Rows: 100000 | Total: 3245725
2026-09-10 13:14:19,708 | INFO | 02-20-2018.csv | Chunk 2 | Rows: 100000 | Total: 3345725
2026-09-10 13:14:29,611 | INFO | 02-20-2018.csv | Chunk 3 | Rows: 100000 | Total: 3445725
2026-09-10 13:14:39,320 | INFO | 02-20-2018.csv | Chunk 4 | Rows: 100000 | Total: 3545725
2026-09-10 13:14:48,202 | INFO | 02-20-2018.csv | Chunk 5 | Rows: 100000 | Total: 3645725
2026-09-10 13:15:00,519 | INFO | 02-20-2018.csv | Chunk 6 | Rows: 100000 | Total: 3745725
2026-09-10 13:15:12,444 | INFO | 02-20-2018.csv | Chunk 7 | Rows: 100000 | Total: 3845725
2026-09-10 13:15:24,274 | INFO | 02-20-2018.csv | Chunk 8 | Rows: 100000 | Total: 3945725
2026-09-10 13:15:36,074 | INFO | 02-20-2018.csv | Chunk 9 | Rows: 100000 | Total: 4045725
2026-09-10 13:15:47,700 | INFO | 02-20-2018.csv | Chunk 10 | Rows: 100000 | Total: 4145725
2026-09-10 13:16:00,165 | INFO | 02-20-2018.csv | Chunk 11 | Rows: 100000 | Total: 4245725
2026-09-10 13:16:13,084 | INFO | 02-20-2018.csv | Chunk 12 | Rows: 100000 | Total: 4345725
2026-09-10 13:16:22,484 | INFO | 02-20-2018.csv | Chunk 13 | Rows: 100000 | Total: 4445725
2026-09-10 13:16:37,771 | INFO | 02-20-2018.csv | Chunk 14 | Rows: 100000 | Total: 4545725
2026-09-10 13:16:54,565 | INFO | 02-20-2018.csv | Chunk 15 | Rows: 100000 | Total: 4645725
2026-09-10 13:17:11,107 | INFO | 02-20-2018.csv | Chunk 16 | Rows: 100000 | Total: 4745725
2026-09-10 13:17:28,129 | INFO | 02-20-2018.csv | Chunk 17 | Rows: 100000 | Total: 4845725
2026-09-10 13:17:47,212 | INFO | 02-20-2018.csv | Chunk 18 | Rows: 100000 | Total: 4945725
2026-09-10 13:18:03,486 | INFO | 02-20-2018.csv | Chunk 19 | Rows: 100000 | Total: 5045725
2026-09-10 13:18:19,691 | INFO | 02-20-2018.csv | Chunk 20 | Rows: 100000 | Total: 5145725
2026-09-10 13:18:32,461 | INFO | 02-20-2018.csv | Chunk 21 | Rows: 100000 | Total: 5245725
2026-09-10 13:18:38,587 | INFO | 02-20-2018.csv | Chunk 22 | Rows: 100000 | Total: 5345725
2026-09-10 13:18:45,326 | INFO | 02-20-2018.csv | Chunk 23 | Rows: 100000 | Total: 5445725
2026-09-10 13:18:58,781 | INFO | 02-20-2018.csv | Chunk 24 | Rows: 100000 | Total: 5545725
2026-09-10 13:19:13,727 | INFO | 02-20-2018.csv | Chunk 25 | Rows: 100000 | Total: 5645725
2026-09-10 13:19:26,168 | INFO | 02-20-2018.csv | Chunk 26 | Rows: 100000 | Total: 5745725
2026-09-10 13:19:40,316 | INFO | 02-20-2018.csv | Chunk 27 | Rows: 100000 | Total: 5845725
2026-09-10 13:19:52,300 | INFO | 02-20-2018.csv | Chunk 28 | Rows: 100000 | Total: 5945725
2026-09-10 13:20:04,429 | INFO | 02-20-2018.csv | Chunk 29 | Rows: 100000 | Total: 6045725
2026-09-10 13:20:18,525 | INFO | 02-20-2018.csv | Chunk 30 | Rows: 100000 | Total: 6145725
2026-09-10 13:20:29,320 | INFO | 02-20-2018.csv | Chunk 31 | Rows: 100000 | Total: 6245725
2026-09-10 13:20:40,483 | INFO | 02-20-2018.csv | Chunk 32 | Rows: 100000 | Total: 6345725
2026-09-10 13:20:52,402 | INFO | 02-20-2018.csv | Chunk 33 | Rows: 100000 | Total: 6445725
2026-09-10 13:21:05,940 | INFO | 02-20-2018.csv | Chunk 34 | Rows: 100000 | Total: 6545725
2026-09-10 13:21:19,364 | INFO | 02-20-2018.csv | Chunk 35 | Rows: 100000 | Total: 6645725
2026-09-10 13:21:33,262 | INFO | 02-20-2018.csv | Chunk 36 | Rows: 100000 | Total: 6745725
2026-09-10 13:21:48,811 | INFO | 02-20-2018.csv | Chunk 37 | Rows: 100000 | Total: 6845725
2026-09-10 13:22:02,293 | INFO | 02-20-2018.csv | Chunk 38 | Rows: 100000 | Total: 6945725
2026-09-10 13:22:13,236 | INFO | 02-20-2018.csv | Chunk 39 | Rows: 100000 | Total: 7045725
2026-09-10 13:22:24,164 | INFO | 02-20-2018.csv | Chunk 40 | Rows: 100000 | Total: 7145725
2026-09-10 13:22:36,049 | INFO | 02-20-2018.csv | Chunk 41 | Rows: 100000 | Total: 7245725
2026-09-10 13:22:47,524 | INFO | 02-20-2018.csv | Chunk 42 | Rows: 100000 | Total: 7345725
2026-09-10 13:22:57,993 | INFO | 02-20-2018.csv | Chunk 43 | Rows: 100000 | Total: 7445725
2026-09-10 13:23:08,825 | INFO | 02-20-2018.csv | Chunk 44 | Rows: 100000 | Total: 7545725
2026-09-10 13:23:19,723 | INFO | 02-20-2018.csv | Chunk 45 | Rows: 100000 | Total: 7645725
2026-09-10 13:23:30,682 | INFO | 02-20-2018.csv | Chunk 46 | Rows: 100000 | Total: 7745725
2026-09-10 13:23:41,627 | INFO | 02-20-2018.csv | Chunk 47 | Rows: 100000 | Total: 7845725
2026-09-10 13:23:53,127 | INFO | 02-20-2018.csv | Chunk 48 | Rows: 100000 | Total: 7945725
2026-09-10 13:24:03,640 | INFO | 02-20-2018.csv | Chunk 49 | Rows: 100000 | Total: 8045725
2026-09-10 13:24:16,181 | INFO | 02-20-2018.csv | Chunk 50 | Rows: 100000 | Total: 8145725
2026-09-10 13:24:27,658 | INFO | 02-20-2018.csv | Chunk 51 | Rows: 100000 | Total: 8245725
2026-09-10 13:24:42,861 | INFO | 02-20-2018.csv | Chunk 52 | Rows: 100000 | Total: 8345725
2026-09-10 13:24:56,047 | INFO | 02-20-2018.csv | Chunk 53 | Rows: 100000 | Total: 8445725
2026-09-10 13:25:06,802 | INFO | 02-20-2018.csv | Chunk 54 | Rows: 100000 | Total: 8545725
2026-09-10 13:25:18,218 | INFO | 02-20-2018.csv | Chunk 55 | Rows: 100000 | Total: 8645725
2026-09-10 13:25:28,534 | INFO | 02-20-2018.csv | Chunk 56 | Rows: 100000 | Total: 8745725
2026-09-10 13:25:38,901 | INFO | 02-20-2018.csv | Chunk 57 | Rows: 100000 | Total: 8845725
2026-09-10 13:25:49,214 | INFO | 02-20-2018.csv | Chunk 58 | Rows: 100000 | Total: 8945725
2026-09-10 13:25:59,878 | INFO | 02-20-2018.csv | Chunk 59 | Rows: 100000 | Total: 9045725
2026-09-10 13:26:10,265 | INFO | 02-20-2018.csv | Chunk 60 | Rows: 100000 | Total: 9145725
2026-09-10 13:26:20,913 | INFO | 02-20-2018.csv | Chunk 61 | Rows: 100000 | Total: 9245725
2026-09-10 13:26:31,477 | INFO | 02-20-2018.csv | Chunk 62 | Rows: 100000 | Total: 9345725
2026-09-10 13:26:42,112 | INFO | 02-20-2018.csv | Chunk 63 | Rows: 100000 | Total: 9445725
2026-09-10 13:26:53,170 | INFO | 02-20-2018.csv | Chunk 64 | Rows: 100000 | Total: 9545725
2026-09-10 13:27:03,764 | INFO | 02-20-2018.csv | Chunk 65 | Rows: 100000 | Total: 9645725
2026-09-10 13:27:14,030 | INFO | 02-20-2018.csv | Chunk 66 | Rows: 100000 | Total: 9745725
2026-09-10 13:27:26,662 | INFO | 02-20-2018.csv | Chunk 67 | Rows: 100000 | Total: 9845725
2026-09-10 13:27:37,622 | INFO | 02-20-2018.csv | Chunk 68 | Rows: 100000 | Total: 9945725
2026-09-10 13:27:49,463 | INFO | 02-20-2018.csv | Chunk 69 | Rows: 100000 | Total: 10045725
2026-09-10 13:27:59,984 | INFO | 02-20-2018.csv | Chunk 70 | Rows: 100000 | Total: 10145725
2026-09-10 13:28:10,831 | INFO | 02-20-2018.csv | Chunk 71 | Rows: 100000 | Total: 10245725
2026-09-10 13:28:21,769 | INFO | 02-20-2018.csv | Chunk 72 | Rows: 100000 | Total: 10345725
2026-09-10 13:28:32,234 | INFO | 02-20-2018.csv | Chunk 73 | Rows: 100000 | Total: 10445725
2026-09-10 13:28:42,927 | INFO | 02-20-2018.csv | Chunk 74 | Rows: 100000 | Total: 10545725
2026-09-10 13:28:53,562 | INFO | 02-20-2018.csv | Chunk 75 | Rows: 100000 | Total: 10645725
2026-09-10 13:29:04,340 | INFO | 02-20-2018.csv | Chunk 76 | Rows: 100000 | Total: 10745725
2026-09-10 13:29:14,922 | INFO | 02-20-2018.csv | Chunk 77 | Rows: 100000 | Total: 10845725
2026-09-10 13:29:25,796 | INFO | 02-20-2018.csv | Chunk 78 | Rows: 100000 | Total: 10945725
2026-09-10 13:29:36,472 | INFO | 02-20-2018.csv | Chunk 79 | Rows: 100000 | Total: 11045725
2026-09-10 13:29:41,520 | INFO | 02-20-2018.csv | Chunk 80 | Rows: 48748 | Total: 11094473
2026-09-10 13:29:41,525 | INFO | Processing 02-21-2018.csv
2026-09-10 13:29:48,686 | INFO | 02-21-2018.csv | Chunk 1 | Rows: 100000 | Total: 11194473
2026-09-10 13:29:56,968 | INFO | 02-21-2018.csv | Chunk 2 | Rows: 100000 | Total: 11294473
2026-09-10 13:30:04,409 | INFO | 02-21-2018.csv | Chunk 3 | Rows: 100000 | Total: 11394473
2026-09-10 13:30:12,534 | INFO | 02-21-2018.csv | Chunk 4 | Rows: 100000 | Total: 11494473
2026-09-10 13:30:21,197 | INFO | 02-21-2018.csv | Chunk 5 | Rows: 100000 | Total: 11594473
2026-09-10 13:30:27,997 | INFO | 02-21-2018.csv | Chunk 6 | Rows: 100000 | Total: 11694473
2026-09-10 13:30:34,639 | INFO | 02-21-2018.csv | Chunk 7 | Rows: 100000 | Total: 11794473
2026-09-10 13:30:41,412 | INFO | 02-21-2018.csv | Chunk 8 | Rows: 100000 | Total: 11894473
2026-09-10 13:30:48,128 | INFO | 02-21-2018.csv | Chunk 9 | Rows: 100000 | Total: 11994473
2026-09-10 13:30:54,971 | INFO | 02-21-2018.csv | Chunk 10 | Rows: 100000 | Total: 12094473
2026-09-10 13:30:58,437 | INFO | 02-21-2018.csv | Chunk 11 | Rows: 48575 | Total: 12143048
2026-09-10 13:30:58,441 | INFO | Processing 02-22-2018.csv
2026-09-10 13:31:06,379 | INFO | 02-22-2018.csv | Chunk 1 | Rows: 100000 | Total: 12243048
2026-09-10 13:31:14,617 | INFO | 02-22-2018.csv | Chunk 2 | Rows: 100000 | Total: 12343048
2026-09-10 13:31:23,065 | INFO | 02-22-2018.csv | Chunk 3 | Rows: 100000 | Total: 12443048
2026-09-10 13:31:32,367 | INFO | 02-22-2018.csv | Chunk 4 | Rows: 100000 | Total: 12543048
2026-09-10 13:31:40,340 | INFO | 02-22-2018.csv | Chunk 5 | Rows: 100000 | Total: 12643048
2026-09-10 13:31:48,279 | INFO | 02-22-2018.csv | Chunk 6 | Rows: 100000 | Total: 12743048
2026-09-10 13:31:56,575 | INFO | 02-22-2018.csv | Chunk 7 | Rows: 100000 | Total: 12843048
2026-09-10 13:32:04,666 | INFO | 02-22-2018.csv | Chunk 8 | Rows: 100000 | Total: 12943048
2026-09-10 13:32:12,449 | INFO | 02-22-2018.csv | Chunk 9 | Rows: 100000 | Total: 13043048
2026-09-10 13:32:20,202 | INFO | 02-22-2018.csv | Chunk 10 | Rows: 100000 | Total: 13143048
2026-09-10 13:32:24,103 | INFO | 02-22-2018.csv | Chunk 11 | Rows: 48575 | Total: 13191623
2026-09-10 13:32:24,106 | INFO | Processing 02-23-2018.csv
2026-09-10 13:32:31,854 | INFO | 02-23-2018.csv | Chunk 1 | Rows: 100000 | Total: 13291623
2026-09-10 13:32:40,391 | INFO | 02-23-2018.csv | Chunk 2 | Rows: 100000 | Total: 13391623
2026-09-10 13:32:48,464 | INFO | 02-23-2018.csv | Chunk 3 | Rows: 100000 | Total: 13491623
2026-09-10 13:32:56,214 | INFO | 02-23-2018.csv | Chunk 4 | Rows: 100000 | Total: 13591623
2026-09-10 13:33:04,048 | INFO | 02-23-2018.csv | Chunk 5 | Rows: 100000 | Total: 13691623
2026-09-10 13:33:13,777 | INFO | 02-23-2018.csv | Chunk 6 | Rows: 100000 | Total: 13791623
2026-09-10 13:33:23,088 | INFO | 02-23-2018.csv | Chunk 7 | Rows: 100000 | Total: 13891623
2026-09-10 13:33:33,022 | INFO | 02-23-2018.csv | Chunk 8 | Rows: 100000 | Total: 13991623
2026-09-10 13:33:43,188 | INFO | 02-23-2018.csv | Chunk 9 | Rows: 100000 | Total: 14091623
2026-09-10 13:33:51,952 | INFO | 02-23-2018.csv | Chunk 10 | Rows: 100000 | Total: 14191623
2026-09-10 13:33:56,109 | INFO | 02-23-2018.csv | Chunk 11 | Rows: 48575 | Total: 14240198
2026-09-10 13:33:56,113 | INFO | Processing 02-28-2018.csv
2026-09-10 13:34:05,298 | INFO | 02-28-2018.csv | Chunk 1 | Rows: 100000 | Total: 14340198
2026-09-10 13:34:13,411 | INFO | 02-28-2018.csv | Chunk 2 | Rows: 100000 | Total: 14440198
2026-09-10 13:34:24,108 | INFO | 02-28-2018.csv | Chunk 3 | Rows: 100000 | Total: 14540198
2026-09-10 13:34:32,911 | INFO | 02-28-2018.csv | Chunk 4 | Rows: 100000 | Total: 14640198
2026-09-10 13:34:42,613 | INFO | 02-28-2018.csv | Chunk 5 | Rows: 100000 | Total: 14740198
2026-09-10 13:34:52,231 | INFO | 02-28-2018.csv | Chunk 6 | Rows: 100000 | Total: 14840198
2026-09-10 13:34:53,327 | INFO | 02-28-2018.csv | Chunk 7 | Rows: 13104 | Total: 14853302
2026-09-10 13:34:53,331 | INFO | Processing 03-01-2018.csv
2026-09-10 13:35:00,659 | INFO | 03-01-2018.csv | Chunk 1 | Rows: 100000 | Total: 14953302
2026-09-10 13:35:08,731 | INFO | 03-01-2018.csv | Chunk 2 | Rows: 100000 | Total: 15053302
2026-09-10 13:35:17,926 | INFO | 03-01-2018.csv | Chunk 3 | Rows: 100000 | Total: 15153302
2026-09-10 13:35:21,352 | INFO | 03-01-2018.csv | Chunk 4 | Rows: 31125 | Total: 15184427
2026-09-10 13:35:21,357 | INFO | Processing 03-02-2018.csv
2026-09-10 13:35:31,498 | INFO | 03-02-2018.csv | Chunk 1 | Rows: 100000 | Total: 15284427
2026-09-10 13:35:39,465 | INFO | 03-02-2018.csv | Chunk 2 | Rows: 100000 | Total: 15384427
2026-09-10 13:35:46,721 | INFO | 03-02-2018.csv | Chunk 3 | Rows: 100000 | Total: 15484427
2026-09-10 13:35:55,900 | INFO | 03-02-2018.csv | Chunk 4 | Rows: 100000 | Total: 15584427
2026-09-10 13:36:06,347 | INFO | 03-02-2018.csv | Chunk 5 | Rows: 100000 | Total: 15684427
2026-09-10 13:36:19,127 | INFO | 03-02-2018.csv | Chunk 6 | Rows: 100000 | Total: 15784427
2026-09-10 13:36:30,366 | INFO | 03-02-2018.csv | Chunk 7 | Rows: 100000 | Total: 15884427
2026-09-10 13:36:42,518 | INFO | 03-02-2018.csv | Chunk 8 | Rows: 100000 | Total: 15984427
2026-09-10 13:36:54,752 | INFO | 03-02-2018.csv | Chunk 9 | Rows: 100000 | Total: 16084427
2026-09-10 13:37:05,447 | INFO | 03-02-2018.csv | Chunk 10 | Rows: 100000 | Total: 16184427
2026-09-10 13:37:09,890 | INFO | 03-02-2018.csv | Chunk 11 | Rows: 48575 | Total: 16233002
2026-09-10 13:37:09,894 | INFO | ==================================================
2026-09-10 13:37:09,894 | INFO | DATA INGESTION COMPLETED
2026-09-10 13:37:09,894 | INFO | Total Rows Processed : 16233002
2026-09-10 13:37:09,895 | INFO | Saved to : data\processed\combined_dataset.csv
2026-09-10 13:37:09,895 | INFO | ==================================================
2026-09-10 13:37:09,919 | INFO | ========== DATA VALIDATION STARTED ==========
2026-09-10 13:37:09,920 | INFO | Loading dataset from data\processed\combined_dataset.csv
2026-09-10 13:37:12,129 | INFO | Dataset loaded successfully.
2026-09-10 13:37:12,741 | INFO | Validation report saved successfully.
2026-09-10 13:37:12,741 | INFO | ========== DATA VALIDATION COMPLETED ==========
2026-09-10 13:37:12,762 | INFO | Starting Data Transformation
