2026-09-09 15:53:16,898 | INFO | 10 CSV files found.
2026-09-09 15:53:16,899 | INFO | Processing 02-14-2018.csv
2026-09-09 15:53:20,778 | INFO | 02-14-2018.csv | Chunk 1 | Rows: 100000 | Total: 100000
2026-09-09 15:53:24,658 | INFO | 02-14-2018.csv | Chunk 2 | Rows: 100000 | Total: 200000
2026-09-09 15:53:29,801 | INFO | 02-14-2018.csv | Chunk 3 | Rows: 100000 | Total: 300000
2026-09-09 15:53:34,226 | INFO | 02-14-2018.csv | Chunk 4 | Rows: 100000 | Total: 400000
2026-09-09 15:53:38,214 | INFO | 02-14-2018.csv | Chunk 5 | Rows: 100000 | Total: 500000
2026-09-09 15:53:44,581 | INFO | 02-14-2018.csv | Chunk 6 | Rows: 100000 | Total: 600000
2026-09-09 15:53:50,087 | INFO | 02-14-2018.csv | Chunk 7 | Rows: 100000 | Total: 700000
2026-09-09 15:53:56,455 | INFO | 02-14-2018.csv | Chunk 8 | Rows: 100000 | Total: 800000
2026-09-09 15:54:02,343 | INFO | 02-14-2018.csv | Chunk 9 | Rows: 100000 | Total: 900000
2026-09-09 15:54:10,022 | INFO | 02-14-2018.csv | Chunk 10 | Rows: 100000 | Total: 1000000
2026-09-09 15:54:14,678 | INFO | 02-14-2018.csv | Chunk 11 | Rows: 48575 | Total: 1048575
2026-09-09 15:54:14,684 | INFO | Processing 02-15-2018.csv
2026-09-09 15:54:20,514 | INFO | 02-15-2018.csv | Chunk 1 | Rows: 100000 | Total: 1148575
2026-09-09 15:54:26,190 | INFO | 02-15-2018.csv | Chunk 2 | Rows: 100000 | Total: 1248575
2026-09-09 15:54:31,655 | INFO | 02-15-2018.csv | Chunk 3 | Rows: 100000 | Total: 1348575
2026-09-09 15:54:38,281 | INFO | 02-15-2018.csv | Chunk 4 | Rows: 100000 | Total: 1448575
2026-09-09 15:54:43,721 | INFO | 02-15-2018.csv | Chunk 5 | Rows: 100000 | Total: 1548575
2026-09-09 15:54:49,536 | INFO | 02-15-2018.csv | Chunk 6 | Rows: 100000 | Total: 1648575
2026-09-09 15:54:56,067 | INFO | 02-15-2018.csv | Chunk 7 | Rows: 100000 | Total: 1748575
2026-09-09 15:55:00,893 | INFO | 02-15-2018.csv | Chunk 8 | Rows: 100000 | Total: 1848575
2026-09-09 15:55:06,907 | INFO | 02-15-2018.csv | Chunk 9 | Rows: 100000 | Total: 1948575
2026-09-09 15:55:12,417 | INFO | 02-15-2018.csv | Chunk 10 | Rows: 100000 | Total: 2048575
2026-09-09 15:55:15,158 | INFO | 02-15-2018.csv | Chunk 11 | Rows: 48575 | Total: 2097150
2026-09-09 15:55:15,161 | INFO | Processing 02-16-2018.csv
2026-09-09 15:55:19,420 | INFO | 02-16-2018.csv | Chunk 1 | Rows: 100000 | Total: 2197150
2026-09-09 15:55:24,188 | INFO | 02-16-2018.csv | Chunk 2 | Rows: 100000 | Total: 2297150
2026-09-09 15:55:29,275 | INFO | 02-16-2018.csv | Chunk 3 | Rows: 100000 | Total: 2397150
2026-09-09 15:55:34,439 | INFO | 02-16-2018.csv | Chunk 4 | Rows: 100000 | Total: 2497150
2026-09-09 15:55:42,696 | INFO | 02-16-2018.csv | Chunk 5 | Rows: 100000 | Total: 2597150
2026-09-09 15:55:54,302 | INFO | 02-16-2018.csv | Chunk 6 | Rows: 100000 | Total: 2697150
2026-09-09 15:56:05,768 | INFO | 02-16-2018.csv | Chunk 7 | Rows: 100000 | Total: 2797150
2026-09-09 15:56:17,798 | INFO | 02-16-2018.csv | Chunk 8 | Rows: 100000 | Total: 2897150
2026-09-09 15:56:29,416 | INFO | 02-16-2018.csv | Chunk 9 | Rows: 100000 | Total: 2997150
2026-09-09 15:56:44,878 | INFO | 02-16-2018.csv | Chunk 10 | Rows: 100000 | Total: 3097150
2026-09-09 15:56:50,396 | INFO | 02-16-2018.csv | Chunk 11 | Rows: 48575 | Total: 3145725
2026-09-09 15:56:50,407 | INFO | Processing 02-20-2018.csv
2026-09-09 15:57:06,325 | INFO | 02-20-2018.csv | Chunk 1 | Rows: 100000 | Total: 3245725
2026-09-09 15:57:21,626 | INFO | 02-20-2018.csv | Chunk 2 | Rows: 100000 | Total: 3345725
2026-09-09 15:57:36,691 | INFO | 02-20-2018.csv | Chunk 3 | Rows: 100000 | Total: 3445725
2026-09-09 15:57:51,408 | INFO | 02-20-2018.csv | Chunk 4 | Rows: 100000 | Total: 3545725
2026-09-09 15:58:05,035 | INFO | 02-20-2018.csv | Chunk 5 | Rows: 100000 | Total: 3645725
2026-09-09 15:58:19,653 | INFO | 02-20-2018.csv | Chunk 6 | Rows: 100000 | Total: 3745725
2026-09-09 15:58:29,509 | INFO | 02-20-2018.csv | Chunk 7 | Rows: 100000 | Total: 3845725
2026-09-09 15:58:36,137 | INFO | 02-20-2018.csv | Chunk 8 | Rows: 100000 | Total: 3945725
2026-09-09 15:58:42,959 | INFO | 02-20-2018.csv | Chunk 9 | Rows: 100000 | Total: 4045725
2026-09-09 15:58:49,385 | INFO | 02-20-2018.csv | Chunk 10 | Rows: 100000 | Total: 4145725
2026-09-09 15:58:55,699 | INFO | 02-20-2018.csv | Chunk 11 | Rows: 100000 | Total: 4245725
2026-09-09 15:59:02,024 | INFO | 02-20-2018.csv | Chunk 12 | Rows: 100000 | Total: 4345725
2026-09-09 15:59:08,413 | INFO | 02-20-2018.csv | Chunk 13 | Rows: 100000 | Total: 4445725
2026-09-09 15:59:14,574 | INFO | 02-20-2018.csv | Chunk 14 | Rows: 100000 | Total: 4545725
2026-09-09 15:59:20,870 | INFO | 02-20-2018.csv | Chunk 15 | Rows: 100000 | Total: 4645725
2026-09-09 15:59:27,286 | INFO | 02-20-2018.csv | Chunk 16 | Rows: 100000 | Total: 4745725
2026-09-09 15:59:33,712 | INFO | 02-20-2018.csv | Chunk 17 | Rows: 100000 | Total: 4845725
2026-09-09 15:59:40,085 | INFO | 02-20-2018.csv | Chunk 18 | Rows: 100000 | Total: 4945725
2026-09-09 15:59:46,526 | INFO | 02-20-2018.csv | Chunk 19 | Rows: 100000 | Total: 5045725
2026-09-09 15:59:52,776 | INFO | 02-20-2018.csv | Chunk 20 | Rows: 100000 | Total: 5145725
2026-09-09 15:59:59,054 | INFO | 02-20-2018.csv | Chunk 21 | Rows: 100000 | Total: 5245725
2026-09-09 16:00:05,270 | INFO | 02-20-2018.csv | Chunk 22 | Rows: 100000 | Total: 5345725
2026-09-09 16:00:11,642 | INFO | 02-20-2018.csv | Chunk 23 | Rows: 100000 | Total: 5445725
2026-09-09 16:00:17,911 | INFO | 02-20-2018.csv | Chunk 24 | Rows: 100000 | Total: 5545725
2026-09-09 16:00:24,179 | INFO | 02-20-2018.csv | Chunk 25 | Rows: 100000 | Total: 5645725
2026-09-09 16:00:30,415 | INFO | 02-20-2018.csv | Chunk 26 | Rows: 100000 | Total: 5745725
2026-09-09 16:00:36,654 | INFO | 02-20-2018.csv | Chunk 27 | Rows: 100000 | Total: 5845725
2026-09-09 16:00:42,880 | INFO | 02-20-2018.csv | Chunk 28 | Rows: 100000 | Total: 5945725
2026-09-09 16:00:49,117 | INFO | 02-20-2018.csv | Chunk 29 | Rows: 100000 | Total: 6045725
2026-09-09 16:00:55,433 | INFO | 02-20-2018.csv | Chunk 30 | Rows: 100000 | Total: 6145725
2026-09-09 16:01:01,753 | INFO | 02-20-2018.csv | Chunk 31 | Rows: 100000 | Total: 6245725
2026-09-09 16:01:08,024 | INFO | 02-20-2018.csv | Chunk 32 | Rows: 100000 | Total: 6345725
2026-09-09 16:01:14,318 | INFO | 02-20-2018.csv | Chunk 33 | Rows: 100000 | Total: 6445725
2026-09-09 16:01:20,571 | INFO | 02-20-2018.csv | Chunk 34 | Rows: 100000 | Total: 6545725
2026-09-09 16:01:26,974 | INFO | 02-20-2018.csv | Chunk 35 | Rows: 100000 | Total: 6645725
2026-09-09 16:01:33,269 | INFO | 02-20-2018.csv | Chunk 36 | Rows: 100000 | Total: 6745725
2026-09-09 16:01:48,840 | INFO | 02-20-2018.csv | Chunk 37 | Rows: 100000 | Total: 6845725
2026-09-09 16:02:09,907 | INFO | 02-20-2018.csv | Chunk 38 | Rows: 100000 | Total: 6945725
2026-09-09 16:02:28,800 | INFO | 02-20-2018.csv | Chunk 39 | Rows: 100000 | Total: 7045725
2026-09-09 16:02:46,647 | INFO | 02-20-2018.csv | Chunk 40 | Rows: 100000 | Total: 7145725
2026-09-09 16:03:04,350 | INFO | 02-20-2018.csv | Chunk 41 | Rows: 100000 | Total: 7245725
2026-09-09 16:03:22,237 | INFO | 02-20-2018.csv | Chunk 42 | Rows: 100000 | Total: 7345725
2026-09-09 16:03:40,353 | INFO | 02-20-2018.csv | Chunk 43 | Rows: 100000 | Total: 7445725
2026-09-09 16:03:58,196 | INFO | 02-20-2018.csv | Chunk 44 | Rows: 100000 | Total: 7545725
2026-09-09 16:04:16,492 | INFO | 02-20-2018.csv | Chunk 45 | Rows: 100000 | Total: 7645725
2026-09-09 16:04:34,438 | INFO | 02-20-2018.csv | Chunk 46 | Rows: 100000 | Total: 7745725
2026-09-09 16:04:48,587 | INFO | 02-20-2018.csv | Chunk 47 | Rows: 100000 | Total: 7845725
2026-09-09 16:05:04,494 | INFO | 02-20-2018.csv | Chunk 48 | Rows: 100000 | Total: 7945725
2026-09-09 16:05:23,381 | INFO | 02-20-2018.csv | Chunk 49 | Rows: 100000 | Total: 8045725
2026-09-09 16:05:41,915 | INFO | 02-20-2018.csv | Chunk 50 | Rows: 100000 | Total: 8145725
2026-09-09 16:06:00,585 | INFO | 02-20-2018.csv | Chunk 51 | Rows: 100000 | Total: 8245725
2026-09-09 16:06:18,572 | INFO | 02-20-2018.csv | Chunk 52 | Rows: 100000 | Total: 8345725
2026-09-09 16:06:28,298 | INFO | 02-20-2018.csv | Chunk 53 | Rows: 100000 | Total: 8445725
2026-09-09 16:06:38,433 | INFO | 02-20-2018.csv | Chunk 54 | Rows: 100000 | Total: 8545725
2026-09-09 16:06:47,709 | INFO | 02-20-2018.csv | Chunk 55 | Rows: 100000 | Total: 8645725
2026-09-09 16:06:55,547 | INFO | 02-20-2018.csv | Chunk 56 | Rows: 100000 | Total: 8745725
2026-09-09 16:07:04,291 | INFO | 02-20-2018.csv | Chunk 57 | Rows: 100000 | Total: 8845725
2026-09-09 16:07:13,287 | INFO | 02-20-2018.csv | Chunk 58 | Rows: 100000 | Total: 8945725
2026-09-09 16:07:21,016 | INFO | 02-20-2018.csv | Chunk 59 | Rows: 100000 | Total: 9045725
2026-09-09 16:07:26,916 | INFO | 02-20-2018.csv | Chunk 60 | Rows: 100000 | Total: 9145725
2026-09-09 16:07:34,225 | INFO | 02-20-2018.csv | Chunk 61 | Rows: 100000 | Total: 9245725
2026-09-09 16:07:41,289 | INFO | 02-20-2018.csv | Chunk 62 | Rows: 100000 | Total: 9345725
2026-09-09 16:07:48,054 | INFO | 02-20-2018.csv | Chunk 63 | Rows: 100000 | Total: 9445725
2026-09-09 16:07:54,674 | INFO | 02-20-2018.csv | Chunk 64 | Rows: 100000 | Total: 9545725
2026-09-09 16:08:02,010 | INFO | 02-20-2018.csv | Chunk 65 | Rows: 100000 | Total: 9645725
2026-09-09 16:08:09,715 | INFO | 02-20-2018.csv | Chunk 66 | Rows: 100000 | Total: 9745725
2026-09-09 16:08:16,465 | INFO | 02-20-2018.csv | Chunk 67 | Rows: 100000 | Total: 9845725
2026-09-09 16:08:23,140 | INFO | 02-20-2018.csv | Chunk 68 | Rows: 100000 | Total: 9945725
2026-09-09 16:08:28,577 | INFO | 02-20-2018.csv | Chunk 69 | Rows: 100000 | Total: 10045725
2026-09-09 16:08:35,519 | INFO | 02-20-2018.csv | Chunk 70 | Rows: 100000 | Total: 10145725
2026-09-09 16:08:42,630 | INFO | 02-20-2018.csv | Chunk 71 | Rows: 100000 | Total: 10245725
2026-09-09 16:08:49,839 | INFO | 02-20-2018.csv | Chunk 72 | Rows: 100000 | Total: 10345725
2026-09-09 16:08:56,768 | INFO | 02-20-2018.csv | Chunk 73 | Rows: 100000 | Total: 10445725
2026-09-09 16:09:03,915 | INFO | 02-20-2018.csv | Chunk 74 | Rows: 100000 | Total: 10545725
2026-09-09 16:09:10,405 | INFO | 02-20-2018.csv | Chunk 75 | Rows: 100000 | Total: 10645725
2026-09-09 16:09:17,732 | INFO | 02-20-2018.csv | Chunk 76 | Rows: 100000 | Total: 10745725
2026-09-09 16:09:26,296 | INFO | 02-20-2018.csv | Chunk 77 | Rows: 100000 | Total: 10845725
2026-09-09 16:09:35,378 | INFO | 02-20-2018.csv | Chunk 78 | Rows: 100000 | Total: 10945725
2026-09-09 16:09:44,166 | INFO | 02-20-2018.csv | Chunk 79 | Rows: 100000 | Total: 11045725
2026-09-09 16:09:47,805 | INFO | 02-20-2018.csv | Chunk 80 | Rows: 48748 | Total: 11094473
2026-09-09 16:09:47,810 | INFO | Processing 02-21-2018.csv
2026-09-09 16:09:52,231 | INFO | 02-21-2018.csv | Chunk 1 | Rows: 100000 | Total: 11194473
2026-09-09 16:09:56,688 | INFO | 02-21-2018.csv | Chunk 2 | Rows: 100000 | Total: 11294473
2026-09-09 16:10:01,042 | INFO | 02-21-2018.csv | Chunk 3 | Rows: 100000 | Total: 11394473
2026-09-09 16:10:05,848 | INFO | 02-21-2018.csv | Chunk 4 | Rows: 100000 | Total: 11494473
2026-09-09 16:10:10,442 | INFO | 02-21-2018.csv | Chunk 5 | Rows: 100000 | Total: 11594473
2026-09-09 16:10:15,186 | INFO | 02-21-2018.csv | Chunk 6 | Rows: 100000 | Total: 11694473
2026-09-09 16:10:19,906 | INFO | 02-21-2018.csv | Chunk 7 | Rows: 100000 | Total: 11794473
2026-09-09 16:10:24,304 | INFO | 02-21-2018.csv | Chunk 8 | Rows: 100000 | Total: 11894473
2026-09-09 16:10:28,609 | INFO | 02-21-2018.csv | Chunk 9 | Rows: 100000 | Total: 11994473
2026-09-09 16:10:32,941 | INFO | 02-21-2018.csv | Chunk 10 | Rows: 100000 | Total: 12094473
2026-09-09 16:10:35,152 | INFO | 02-21-2018.csv | Chunk 11 | Rows: 48575 | Total: 12143048
2026-09-09 16:10:35,154 | INFO | Processing 02-22-2018.csv
2026-09-09 16:10:40,262 | INFO | 02-22-2018.csv | Chunk 1 | Rows: 100000 | Total: 12243048
2026-09-09 16:10:45,546 | INFO | 02-22-2018.csv | Chunk 2 | Rows: 100000 | Total: 12343048
2026-09-09 16:10:50,584 | INFO | 02-22-2018.csv | Chunk 3 | Rows: 100000 | Total: 12443048
2026-09-09 16:10:55,733 | INFO | 02-22-2018.csv | Chunk 4 | Rows: 100000 | Total: 12543048
2026-09-09 16:11:00,889 | INFO | 02-22-2018.csv | Chunk 5 | Rows: 100000 | Total: 12643048
2026-09-09 16:11:06,207 | INFO | 02-22-2018.csv | Chunk 6 | Rows: 100000 | Total: 12743048
2026-09-09 16:11:11,313 | INFO | 02-22-2018.csv | Chunk 7 | Rows: 100000 | Total: 12843048
2026-09-09 16:11:16,530 | INFO | 02-22-2018.csv | Chunk 8 | Rows: 100000 | Total: 12943048
2026-09-09 16:11:21,691 | INFO | 02-22-2018.csv | Chunk 9 | Rows: 100000 | Total: 13043048
2026-09-09 16:11:26,967 | INFO | 02-22-2018.csv | Chunk 10 | Rows: 100000 | Total: 13143048
2026-09-09 16:11:29,487 | INFO | 02-22-2018.csv | Chunk 11 | Rows: 48575 | Total: 13191623
2026-09-09 16:11:29,489 | INFO | Processing 02-23-2018.csv
2026-09-09 16:11:34,685 | INFO | 02-23-2018.csv | Chunk 1 | Rows: 100000 | Total: 13291623
2026-09-09 16:11:38,987 | INFO | 02-23-2018.csv | Chunk 2 | Rows: 100000 | Total: 13391623
2026-09-09 16:11:43,285 | INFO | 02-23-2018.csv | Chunk 3 | Rows: 100000 | Total: 13491623
2026-09-09 16:11:48,576 | INFO | 02-23-2018.csv | Chunk 4 | Rows: 100000 | Total: 13591623
2026-09-09 16:11:53,657 | INFO | 02-23-2018.csv | Chunk 5 | Rows: 100000 | Total: 13691623
2026-09-09 16:11:58,420 | INFO | 02-23-2018.csv | Chunk 6 | Rows: 100000 | Total: 13791623
2026-09-09 16:12:03,984 | INFO | 02-23-2018.csv | Chunk 7 | Rows: 100000 | Total: 13891623
2026-09-09 16:12:09,113 | INFO | 02-23-2018.csv | Chunk 8 | Rows: 100000 | Total: 13991623
2026-09-09 16:12:13,917 | INFO | 02-23-2018.csv | Chunk 9 | Rows: 100000 | Total: 14091623
2026-09-09 16:12:19,001 | INFO | 02-23-2018.csv | Chunk 10 | Rows: 100000 | Total: 14191623
2026-09-09 16:12:21,503 | INFO | 02-23-2018.csv | Chunk 11 | Rows: 48575 | Total: 14240198
2026-09-09 16:12:21,506 | INFO | Processing 02-28-2018.csv
2026-09-09 16:12:26,927 | INFO | 02-28-2018.csv | Chunk 1 | Rows: 100000 | Total: 14340198
2026-09-09 16:12:31,781 | INFO | 02-28-2018.csv | Chunk 2 | Rows: 100000 | Total: 14440198
2026-09-09 16:12:37,520 | INFO | 02-28-2018.csv | Chunk 3 | Rows: 100000 | Total: 14540198
2026-09-09 16:12:42,954 | INFO | 02-28-2018.csv | Chunk 4 | Rows: 100000 | Total: 14640198
2026-09-09 16:12:47,485 | INFO | 02-28-2018.csv | Chunk 5 | Rows: 100000 | Total: 14740198
2026-09-09 16:12:51,930 | INFO | 02-28-2018.csv | Chunk 6 | Rows: 100000 | Total: 14840198
2026-09-09 16:12:53,201 | INFO | 02-28-2018.csv | Chunk 7 | Rows: 13104 | Total: 14853302
2026-09-09 16:12:53,202 | INFO | Processing 03-01-2018.csv
2026-09-09 16:12:57,616 | INFO | 03-01-2018.csv | Chunk 1 | Rows: 100000 | Total: 14953302
2026-09-09 16:13:02,550 | INFO | 03-01-2018.csv | Chunk 2 | Rows: 100000 | Total: 15053302
2026-09-09 16:13:08,576 | INFO | 03-01-2018.csv | Chunk 3 | Rows: 100000 | Total: 15153302
2026-09-09 16:13:10,975 | INFO | 03-01-2018.csv | Chunk 4 | Rows: 31125 | Total: 15184427
2026-09-09 16:13:10,979 | INFO | Processing 03-02-2018.csv
2026-09-09 16:13:18,048 | INFO | 03-02-2018.csv | Chunk 1 | Rows: 100000 | Total: 15284427
2026-09-09 16:13:21,475 | INFO | 03-02-2018.csv | Chunk 2 | Rows: 100000 | Total: 15384427
2026-09-09 16:13:26,701 | INFO | 03-02-2018.csv | Chunk 3 | Rows: 100000 | Total: 15484427
2026-09-09 16:13:30,617 | INFO | 03-02-2018.csv | Chunk 4 | Rows: 100000 | Total: 15584427
2026-09-09 16:13:36,084 | INFO | 03-02-2018.csv | Chunk 5 | Rows: 100000 | Total: 15684427
2026-09-09 16:13:39,883 | INFO | 03-02-2018.csv | Chunk 6 | Rows: 100000 | Total: 15784427
2026-09-09 16:13:45,581 | INFO | 03-02-2018.csv | Chunk 7 | Rows: 100000 | Total: 15884427
2026-09-09 16:13:51,254 | INFO | 03-02-2018.csv | Chunk 8 | Rows: 100000 | Total: 15984427
2026-09-09 16:13:56,585 | INFO | 03-02-2018.csv | Chunk 9 | Rows: 100000 | Total: 16084427
2026-09-09 16:14:01,877 | INFO | 03-02-2018.csv | Chunk 10 | Rows: 100000 | Total: 16184427
2026-09-09 16:14:04,685 | INFO | 03-02-2018.csv | Chunk 11 | Rows: 48575 | Total: 16233002
2026-09-09 16:14:04,688 | INFO | ==================================================
2026-09-09 16:14:04,688 | INFO | DATA INGESTION COMPLETED
2026-09-09 16:14:04,688 | INFO | Total Rows Processed : 16233002
2026-09-09 16:14:04,688 | INFO | Saved to : data\processed\combined_dataset.csv
2026-09-09 16:14:04,688 | INFO | ==================================================
