2026-09-10 13:46:34,533 | INFO | Starting Training Pipeline
2026-09-10 13:46:34,537 | INFO | 10 CSV files found.
2026-09-10 13:46:34,573 | INFO | Processing 02-14-2018.csv
2026-09-10 13:46:37,961 | INFO | 02-14-2018.csv | Chunk 1 | Rows: 100000 | Total: 100000
2026-09-10 13:46:41,672 | INFO | 02-14-2018.csv | Chunk 2 | Rows: 100000 | Total: 200000
2026-09-10 13:46:46,525 | INFO | 02-14-2018.csv | Chunk 3 | Rows: 100000 | Total: 300000
2026-09-10 13:46:51,088 | INFO | 02-14-2018.csv | Chunk 4 | Rows: 100000 | Total: 400000
2026-09-10 13:46:55,591 | INFO | 02-14-2018.csv | Chunk 5 | Rows: 100000 | Total: 500000
2026-09-10 13:47:02,319 | INFO | 02-14-2018.csv | Chunk 6 | Rows: 100000 | Total: 600000
2026-09-10 13:47:11,017 | INFO | 02-14-2018.csv | Chunk 7 | Rows: 100000 | Total: 700000
2026-09-10 13:47:19,566 | INFO | 02-14-2018.csv | Chunk 8 | Rows: 100000 | Total: 800000
2026-09-10 13:47:28,247 | INFO | 02-14-2018.csv | Chunk 9 | Rows: 100000 | Total: 900000
2026-09-10 13:47:39,914 | INFO | 02-14-2018.csv | Chunk 10 | Rows: 100000 | Total: 1000000
2026-09-10 13:47:44,702 | INFO | 02-14-2018.csv | Chunk 11 | Rows: 48575 | Total: 1048575
2026-09-10 13:47:44,707 | INFO | Processing 02-15-2018.csv
2026-09-10 13:47:52,505 | INFO | 02-15-2018.csv | Chunk 1 | Rows: 100000 | Total: 1148575
2026-09-10 13:48:00,362 | INFO | 02-15-2018.csv | Chunk 2 | Rows: 100000 | Total: 1248575
2026-09-10 13:48:07,938 | INFO | 02-15-2018.csv | Chunk 3 | Rows: 100000 | Total: 1348575
2026-09-10 13:48:15,686 | INFO | 02-15-2018.csv | Chunk 4 | Rows: 100000 | Total: 1448575
2026-09-10 13:48:23,299 | INFO | 02-15-2018.csv | Chunk 5 | Rows: 100000 | Total: 1548575
2026-09-10 13:48:30,986 | INFO | 02-15-2018.csv | Chunk 6 | Rows: 100000 | Total: 1648575
2026-09-10 13:48:39,929 | INFO | 02-15-2018.csv | Chunk 7 | Rows: 100000 | Total: 1748575
2026-09-10 13:48:47,784 | INFO | 02-15-2018.csv | Chunk 8 | Rows: 100000 | Total: 1848575
2026-09-10 13:48:55,516 | INFO | 02-15-2018.csv | Chunk 9 | Rows: 100000 | Total: 1948575
2026-09-10 13:49:03,212 | INFO | 02-15-2018.csv | Chunk 10 | Rows: 100000 | Total: 2048575
2026-09-10 13:49:07,014 | INFO | 02-15-2018.csv | Chunk 11 | Rows: 48575 | Total: 2097150
2026-09-10 13:49:07,018 | INFO | Processing 02-16-2018.csv
2026-09-10 13:49:12,809 | INFO | 02-16-2018.csv | Chunk 1 | Rows: 100000 | Total: 2197150
2026-09-10 13:49:20,761 | INFO | 02-16-2018.csv | Chunk 2 | Rows: 100000 | Total: 2297150
2026-09-10 13:49:28,851 | INFO | 02-16-2018.csv | Chunk 3 | Rows: 100000 | Total: 2397150
2026-09-10 13:49:37,314 | INFO | 02-16-2018.csv | Chunk 4 | Rows: 100000 | Total: 2497150
2026-09-10 13:49:46,683 | INFO | 02-16-2018.csv | Chunk 5 | Rows: 100000 | Total: 2597150
2026-09-10 13:49:54,606 | INFO | 02-16-2018.csv | Chunk 6 | Rows: 100000 | Total: 2697150
2026-09-10 13:50:01,748 | INFO | 02-16-2018.csv | Chunk 7 | Rows: 100000 | Total: 2797150
2026-09-10 13:50:09,038 | INFO | 02-16-2018.csv | Chunk 8 | Rows: 100000 | Total: 2897150
2026-09-10 13:50:16,027 | INFO | 02-16-2018.csv | Chunk 9 | Rows: 100000 | Total: 2997150
2026-09-10 13:50:25,623 | INFO | 02-16-2018.csv | Chunk 10 | Rows: 100000 | Total: 3097150
2026-09-10 13:50:28,443 | INFO | 02-16-2018.csv | Chunk 11 | Rows: 48575 | Total: 3145725
2026-09-10 13:50:28,449 | INFO | Processing 02-20-2018.csv
2026-09-10 13:50:36,703 | INFO | 02-20-2018.csv | Chunk 1 | Rows: 100000 | Total: 3245725
2026-09-10 13:50:45,343 | INFO | 02-20-2018.csv | Chunk 2 | Rows: 100000 | Total: 3345725
2026-09-10 13:50:54,283 | INFO | 02-20-2018.csv | Chunk 3 | Rows: 100000 | Total: 3445725
2026-09-10 13:51:02,900 | INFO | 02-20-2018.csv | Chunk 4 | Rows: 100000 | Total: 3545725
2026-09-10 13:51:11,516 | INFO | 02-20-2018.csv | Chunk 5 | Rows: 100000 | Total: 3645725
2026-09-10 13:51:22,754 | INFO | 02-20-2018.csv | Chunk 6 | Rows: 100000 | Total: 3745725
2026-09-10 13:51:36,131 | INFO | 02-20-2018.csv | Chunk 7 | Rows: 100000 | Total: 3845725
2026-09-10 13:51:47,096 | INFO | 02-20-2018.csv | Chunk 8 | Rows: 100000 | Total: 3945725
2026-09-10 13:51:58,025 | INFO | 02-20-2018.csv | Chunk 9 | Rows: 100000 | Total: 4045725
2026-09-10 13:52:11,320 | INFO | 02-20-2018.csv | Chunk 10 | Rows: 100000 | Total: 4145725
2026-09-10 13:52:22,414 | INFO | 02-20-2018.csv | Chunk 11 | Rows: 100000 | Total: 4245725
2026-09-10 13:52:32,409 | INFO | 02-20-2018.csv | Chunk 12 | Rows: 100000 | Total: 4345725
2026-09-10 13:52:42,424 | INFO | 02-20-2018.csv | Chunk 13 | Rows: 100000 | Total: 4445725
2026-09-10 13:52:52,550 | INFO | 02-20-2018.csv | Chunk 14 | Rows: 100000 | Total: 4545725
2026-09-10 13:53:03,038 | INFO | 02-20-2018.csv | Chunk 15 | Rows: 100000 | Total: 4645725
2026-09-10 13:53:13,275 | INFO | 02-20-2018.csv | Chunk 16 | Rows: 100000 | Total: 4745725
2026-09-10 13:53:23,433 | INFO | 02-20-2018.csv | Chunk 17 | Rows: 100000 | Total: 4845725
2026-09-10 13:53:33,773 | INFO | 02-20-2018.csv | Chunk 18 | Rows: 100000 | Total: 4945725
2026-09-10 13:53:43,973 | INFO | 02-20-2018.csv | Chunk 19 | Rows: 100000 | Total: 5045725
2026-09-10 13:53:53,710 | INFO | 02-20-2018.csv | Chunk 20 | Rows: 100000 | Total: 5145725
2026-09-10 13:54:04,206 | INFO | 02-20-2018.csv | Chunk 21 | Rows: 100000 | Total: 5245725
2026-09-10 13:54:14,603 | INFO | 02-20-2018.csv | Chunk 22 | Rows: 100000 | Total: 5345725
2026-09-10 13:54:24,674 | INFO | 02-20-2018.csv | Chunk 23 | Rows: 100000 | Total: 5445725
2026-09-10 13:54:34,843 | INFO | 02-20-2018.csv | Chunk 24 | Rows: 100000 | Total: 5545725
2026-09-10 13:54:45,136 | INFO | 02-20-2018.csv | Chunk 25 | Rows: 100000 | Total: 5645725
2026-09-10 13:54:55,944 | INFO | 02-20-2018.csv | Chunk 26 | Rows: 100000 | Total: 5745725
2026-09-10 13:55:06,312 | INFO | 02-20-2018.csv | Chunk 27 | Rows: 100000 | Total: 5845725
2026-09-10 13:55:16,112 | INFO | 02-20-2018.csv | Chunk 28 | Rows: 100000 | Total: 5945725
2026-09-10 13:55:27,045 | INFO | 02-20-2018.csv | Chunk 29 | Rows: 100000 | Total: 6045725
2026-09-10 13:55:37,319 | INFO | 02-20-2018.csv | Chunk 30 | Rows: 100000 | Total: 6145725
2026-09-10 13:55:47,308 | INFO | 02-20-2018.csv | Chunk 31 | Rows: 100000 | Total: 6245725
2026-09-10 13:55:57,611 | INFO | 02-20-2018.csv | Chunk 32 | Rows: 100000 | Total: 6345725
2026-09-10 13:56:07,800 | INFO | 02-20-2018.csv | Chunk 33 | Rows: 100000 | Total: 6445725
2026-09-10 13:56:17,923 | INFO | 02-20-2018.csv | Chunk 34 | Rows: 100000 | Total: 6545725
2026-09-10 13:56:28,002 | INFO | 02-20-2018.csv | Chunk 35 | Rows: 100000 | Total: 6645725
2026-09-10 13:56:38,093 | INFO | 02-20-2018.csv | Chunk 36 | Rows: 100000 | Total: 6745725
2026-09-10 13:56:48,253 | INFO | 02-20-2018.csv | Chunk 37 | Rows: 100000 | Total: 6845725
2026-09-10 13:56:58,406 | INFO | 02-20-2018.csv | Chunk 38 | Rows: 100000 | Total: 6945725
2026-09-10 13:57:08,498 | INFO | 02-20-2018.csv | Chunk 39 | Rows: 100000 | Total: 7045725
2026-09-10 13:57:18,595 | INFO | 02-20-2018.csv | Chunk 40 | Rows: 100000 | Total: 7145725
2026-09-10 13:57:28,558 | INFO | 02-20-2018.csv | Chunk 41 | Rows: 100000 | Total: 7245725
2026-09-10 13:57:43,261 | INFO | 02-20-2018.csv | Chunk 42 | Rows: 100000 | Total: 7345725
2026-09-10 13:57:51,254 | INFO | 02-20-2018.csv | Chunk 43 | Rows: 100000 | Total: 7445725
2026-09-10 13:58:02,107 | INFO | 02-20-2018.csv | Chunk 44 | Rows: 100000 | Total: 7545725
2026-09-10 13:58:16,845 | INFO | 02-20-2018.csv | Chunk 45 | Rows: 100000 | Total: 7645725
2026-09-10 13:58:28,467 | INFO | 02-20-2018.csv | Chunk 46 | Rows: 100000 | Total: 7745725
2026-09-10 13:58:39,681 | INFO | 02-20-2018.csv | Chunk 47 | Rows: 100000 | Total: 7845725
2026-09-10 13:58:51,566 | INFO | 02-20-2018.csv | Chunk 48 | Rows: 100000 | Total: 7945725
2026-09-10 13:59:06,034 | INFO | 02-20-2018.csv | Chunk 49 | Rows: 100000 | Total: 8045725
2026-09-10 13:59:18,814 | INFO | 02-20-2018.csv | Chunk 50 | Rows: 100000 | Total: 8145725
2026-09-10 13:59:33,268 | INFO | 02-20-2018.csv | Chunk 51 | Rows: 100000 | Total: 8245725
2026-09-10 13:59:46,792 | INFO | 02-20-2018.csv | Chunk 52 | Rows: 100000 | Total: 8345725
2026-09-10 13:59:59,636 | INFO | 02-20-2018.csv | Chunk 53 | Rows: 100000 | Total: 8445725
2026-09-10 14:00:13,349 | INFO | 02-20-2018.csv | Chunk 54 | Rows: 100000 | Total: 8545725
2026-09-10 14:00:27,271 | INFO | 02-20-2018.csv | Chunk 55 | Rows: 100000 | Total: 8645725
2026-09-10 14:00:40,692 | INFO | 02-20-2018.csv | Chunk 56 | Rows: 100000 | Total: 8745725
2026-09-10 14:00:52,249 | INFO | 02-20-2018.csv | Chunk 57 | Rows: 100000 | Total: 8845725
2026-09-10 14:01:03,486 | INFO | 02-20-2018.csv | Chunk 58 | Rows: 100000 | Total: 8945725
2026-09-10 14:01:14,207 | INFO | 02-20-2018.csv | Chunk 59 | Rows: 100000 | Total: 9045725
2026-09-10 14:01:24,702 | INFO | 02-20-2018.csv | Chunk 60 | Rows: 100000 | Total: 9145725
2026-09-10 14:01:35,424 | INFO | 02-20-2018.csv | Chunk 61 | Rows: 100000 | Total: 9245725
2026-09-10 14:01:45,570 | INFO | 02-20-2018.csv | Chunk 62 | Rows: 100000 | Total: 9345725
2026-09-10 14:01:55,932 | INFO | 02-20-2018.csv | Chunk 63 | Rows: 100000 | Total: 9445725
2026-09-10 14:02:06,231 | INFO | 02-20-2018.csv | Chunk 64 | Rows: 100000 | Total: 9545725
2026-09-10 14:02:16,595 | INFO | 02-20-2018.csv | Chunk 65 | Rows: 100000 | Total: 9645725
2026-09-10 14:02:26,731 | INFO | 02-20-2018.csv | Chunk 66 | Rows: 100000 | Total: 9745725
2026-09-10 14:02:36,626 | INFO | 02-20-2018.csv | Chunk 67 | Rows: 100000 | Total: 9845725
2026-09-10 14:02:47,282 | INFO | 02-20-2018.csv | Chunk 68 | Rows: 100000 | Total: 9945725
2026-09-10 14:02:57,766 | INFO | 02-20-2018.csv | Chunk 69 | Rows: 100000 | Total: 10045725
2026-09-10 14:03:07,930 | INFO | 02-20-2018.csv | Chunk 70 | Rows: 100000 | Total: 10145725
2026-09-10 14:03:18,078 | INFO | 02-20-2018.csv | Chunk 71 | Rows: 100000 | Total: 10245725
2026-09-10 14:03:29,061 | INFO | 02-20-2018.csv | Chunk 72 | Rows: 100000 | Total: 10345725
2026-09-10 14:03:40,460 | INFO | 02-20-2018.csv | Chunk 73 | Rows: 100000 | Total: 10445725
2026-09-10 14:03:51,444 | INFO | 02-20-2018.csv | Chunk 74 | Rows: 100000 | Total: 10545725
2026-09-10 14:04:06,388 | INFO | 02-20-2018.csv | Chunk 75 | Rows: 100000 | Total: 10645725
2026-09-10 14:04:20,011 | INFO | 02-20-2018.csv | Chunk 76 | Rows: 100000 | Total: 10745725
2026-09-10 14:04:31,808 | INFO | 02-20-2018.csv | Chunk 77 | Rows: 100000 | Total: 10845725
2026-09-10 14:04:42,411 | INFO | 02-20-2018.csv | Chunk 78 | Rows: 100000 | Total: 10945725
2026-09-10 14:04:53,163 | INFO | 02-20-2018.csv | Chunk 79 | Rows: 100000 | Total: 11045725
2026-09-10 14:04:57,969 | INFO | 02-20-2018.csv | Chunk 80 | Rows: 48748 | Total: 11094473
2026-09-10 14:04:57,974 | INFO | Processing 02-21-2018.csv
2026-09-10 14:05:05,892 | INFO | 02-21-2018.csv | Chunk 1 | Rows: 100000 | Total: 11194473
2026-09-10 14:05:12,684 | INFO | 02-21-2018.csv | Chunk 2 | Rows: 100000 | Total: 11294473
2026-09-10 14:05:19,508 | INFO | 02-21-2018.csv | Chunk 3 | Rows: 100000 | Total: 11394473
2026-09-10 14:05:26,933 | INFO | 02-21-2018.csv | Chunk 4 | Rows: 100000 | Total: 11494473
2026-09-10 14:05:33,714 | INFO | 02-21-2018.csv | Chunk 5 | Rows: 100000 | Total: 11594473
2026-09-10 14:05:40,510 | INFO | 02-21-2018.csv | Chunk 6 | Rows: 100000 | Total: 11694473
2026-09-10 14:05:47,146 | INFO | 02-21-2018.csv | Chunk 7 | Rows: 100000 | Total: 11794473
2026-09-10 14:05:53,882 | INFO | 02-21-2018.csv | Chunk 8 | Rows: 100000 | Total: 11894473
2026-09-10 14:06:01,768 | INFO | 02-21-2018.csv | Chunk 9 | Rows: 100000 | Total: 11994473
2026-09-10 14:06:10,636 | INFO | 02-21-2018.csv | Chunk 10 | Rows: 100000 | Total: 12094473
2026-09-10 14:06:14,054 | INFO | 02-21-2018.csv | Chunk 11 | Rows: 48575 | Total: 12143048
2026-09-10 14:06:14,057 | INFO | Processing 02-22-2018.csv
2026-09-10 14:06:22,739 | INFO | 02-22-2018.csv | Chunk 1 | Rows: 100000 | Total: 12243048
2026-09-10 14:06:30,747 | INFO | 02-22-2018.csv | Chunk 2 | Rows: 100000 | Total: 12343048
2026-09-10 14:06:41,296 | INFO | 02-22-2018.csv | Chunk 3 | Rows: 100000 | Total: 12443048
2026-09-10 14:06:49,746 | INFO | 02-22-2018.csv | Chunk 4 | Rows: 100000 | Total: 12543048
2026-09-10 14:06:57,805 | INFO | 02-22-2018.csv | Chunk 5 | Rows: 100000 | Total: 12643048
2026-09-10 14:07:06,127 | INFO | 02-22-2018.csv | Chunk 6 | Rows: 100000 | Total: 12743048
2026-09-10 14:07:14,186 | INFO | 02-22-2018.csv | Chunk 7 | Rows: 100000 | Total: 12843048
2026-09-10 14:07:22,978 | INFO | 02-22-2018.csv | Chunk 8 | Rows: 100000 | Total: 12943048
2026-09-10 14:09:18,663 | INFO | 02-22-2018.csv | Chunk 9 | Rows: 100000 | Total: 13043048
2026-09-10 14:09:30,497 | INFO | 02-22-2018.csv | Chunk 10 | Rows: 100000 | Total: 13143048
2026-09-10 14:09:35,398 | INFO | 02-22-2018.csv | Chunk 11 | Rows: 48575 | Total: 13191623
2026-09-10 14:09:35,404 | INFO | Processing 02-23-2018.csv
2026-09-10 14:09:45,673 | INFO | 02-23-2018.csv | Chunk 1 | Rows: 100000 | Total: 13291623
2026-09-10 14:09:57,488 | INFO | 02-23-2018.csv | Chunk 2 | Rows: 100000 | Total: 13391623
2026-09-10 14:10:08,694 | INFO | 02-23-2018.csv | Chunk 3 | Rows: 100000 | Total: 13491623
2026-09-10 14:10:18,113 | INFO | 02-23-2018.csv | Chunk 4 | Rows: 100000 | Total: 13591623
2026-09-10 14:10:28,536 | INFO | 02-23-2018.csv | Chunk 5 | Rows: 100000 | Total: 13691623
2026-09-10 14:10:37,445 | INFO | 02-23-2018.csv | Chunk 6 | Rows: 100000 | Total: 13791623
2026-09-10 14:10:46,264 | INFO | 02-23-2018.csv | Chunk 7 | Rows: 100000 | Total: 13891623
2026-09-10 14:10:56,914 | INFO | 02-23-2018.csv | Chunk 8 | Rows: 100000 | Total: 13991623
2026-09-10 14:11:07,902 | INFO | 02-23-2018.csv | Chunk 9 | Rows: 100000 | Total: 14091623
2026-09-10 14:11:18,759 | INFO | 02-23-2018.csv | Chunk 10 | Rows: 100000 | Total: 14191623
2026-09-10 14:11:24,032 | INFO | 02-23-2018.csv | Chunk 11 | Rows: 48575 | Total: 14240198
2026-09-10 14:11:24,039 | INFO | Processing 02-28-2018.csv
2026-09-10 14:11:35,441 | INFO | 02-28-2018.csv | Chunk 1 | Rows: 100000 | Total: 14340198
2026-09-10 14:11:48,538 | INFO | 02-28-2018.csv | Chunk 2 | Rows: 100000 | Total: 14440198
2026-09-10 14:12:02,673 | INFO | 02-28-2018.csv | Chunk 3 | Rows: 100000 | Total: 14540198
2026-09-10 14:12:15,806 | INFO | 02-28-2018.csv | Chunk 4 | Rows: 100000 | Total: 14640198
2026-09-10 14:12:30,263 | INFO | 02-28-2018.csv | Chunk 5 | Rows: 100000 | Total: 14740198
2026-09-10 14:12:41,870 | INFO | 02-28-2018.csv | Chunk 6 | Rows: 100000 | Total: 14840198
2026-09-10 14:12:43,187 | INFO | 02-28-2018.csv | Chunk 7 | Rows: 13104 | Total: 14853302
2026-09-10 14:12:43,194 | INFO | Processing 03-01-2018.csv
2026-09-10 14:12:51,561 | INFO | 03-01-2018.csv | Chunk 1 | Rows: 100000 | Total: 14953302
2026-09-10 14:12:59,336 | INFO | 03-01-2018.csv | Chunk 2 | Rows: 100000 | Total: 15053302
2026-09-10 14:13:08,887 | INFO | 03-01-2018.csv | Chunk 3 | Rows: 100000 | Total: 15153302
2026-09-10 14:13:12,013 | INFO | 03-01-2018.csv | Chunk 4 | Rows: 31125 | Total: 15184427
2026-09-10 14:13:12,019 | INFO | Processing 03-02-2018.csv
2026-09-10 14:13:20,811 | INFO | 03-02-2018.csv | Chunk 1 | Rows: 100000 | Total: 15284427
2026-09-10 14:13:29,210 | INFO | 03-02-2018.csv | Chunk 2 | Rows: 100000 | Total: 15384427
2026-09-10 14:13:39,192 | INFO | 03-02-2018.csv | Chunk 3 | Rows: 100000 | Total: 15484427
2026-09-10 14:13:48,236 | INFO | 03-02-2018.csv | Chunk 4 | Rows: 100000 | Total: 15584427
2026-09-10 14:13:57,243 | INFO | 03-02-2018.csv | Chunk 5 | Rows: 100000 | Total: 15684427
2026-09-10 14:14:06,194 | INFO | 03-02-2018.csv | Chunk 6 | Rows: 100000 | Total: 15784427
2026-09-10 14:14:14,908 | INFO | 03-02-2018.csv | Chunk 7 | Rows: 100000 | Total: 15884427
2026-09-10 14:14:23,525 | INFO | 03-02-2018.csv | Chunk 8 | Rows: 100000 | Total: 15984427
2026-09-10 14:14:32,066 | INFO | 03-02-2018.csv | Chunk 9 | Rows: 100000 | Total: 16084427
2026-09-10 14:14:40,940 | INFO | 03-02-2018.csv | Chunk 10 | Rows: 100000 | Total: 16184427
2026-09-10 14:14:45,322 | INFO | 03-02-2018.csv | Chunk 11 | Rows: 48575 | Total: 16233002
2026-09-10 14:14:45,327 | INFO | ==================================================
2026-09-10 14:14:45,327 | INFO | DATA INGESTION COMPLETED
2026-09-10 14:14:45,327 | INFO | Total Rows Processed : 16233002
2026-09-10 14:14:45,328 | INFO | Saved to : data\processed\combined_dataset.csv
2026-09-10 14:14:45,329 | INFO | ==================================================
2026-09-10 14:14:45,353 | INFO | ========== DATA VALIDATION STARTED ==========
2026-09-10 14:14:45,353 | INFO | Loading dataset from data\processed\combined_dataset.csv
2026-09-10 14:14:47,066 | INFO | Dataset loaded successfully.
2026-09-10 14:14:47,565 | INFO | Validation report saved successfully.
2026-09-10 14:14:47,565 | INFO | ========== DATA VALIDATION COMPLETED ==========
2026-09-10 14:14:47,598 | INFO | Starting Data Transformation
2026-09-10 14:27:03,346 | INFO | Processed 1,000,000 rows
2026-09-10 14:29:29,845 | INFO | Processed 2,000,000 rows
2026-09-10 14:31:21,987 | INFO | Processed 3,000,000 rows
2026-09-10 14:33:21,747 | INFO | Processed 4,000,000 rows
2026-09-10 14:35:45,778 | INFO | Processed 5,000,000 rows
2026-09-10 14:37:25,007 | INFO | Processed 6,000,000 rows
2026-09-10 14:38:42,151 | INFO | Processed 7,000,000 rows
2026-09-10 14:39:46,387 | INFO | Processed 8,000,000 rows
2026-09-10 14:41:08,055 | INFO | Processed 9,000,000 rows
2026-09-10 14:42:06,227 | INFO | Processed 10,000,000 rows
2026-09-10 14:43:09,800 | INFO | Processed 11,000,000 rows
2026-09-10 14:44:08,835 | INFO | Processed 12,000,000 rows
2026-09-10 14:45:07,440 | INFO | Processed 13,000,000 rows
2026-09-10 14:46:15,944 | INFO | Processed 14,000,000 rows
2026-09-10 14:47:12,041 | INFO | Processed 15,000,000 rows
2026-09-10 14:48:17,376 | INFO | Processed 16,000,000 rows
2026-09-10 14:48:32,524 | INFO | Transformation completed.
2026-09-10 14:48:32,538 | INFO | Starting Feature Selection...
