2026-09-10 15:26:14,608 | INFO | ==================================================
2026-09-10 15:26:14,608 | INFO | FEATURE SELECTION STARTED
2026-09-10 15:26:14,609 | INFO | ==================================================
2026-09-10 15:26:14,609 | INFO | Scanning dataset for constant columns...
2026-09-10 15:26:38,337 | INFO | Scanned 1,000,000 rows...
2026-09-10 15:27:12,172 | INFO | Scanned 2,000,000 rows...
2026-09-10 15:27:39,625 | INFO | Scanned 3,000,000 rows...
2026-09-10 15:28:17,338 | INFO | Scanned 4,000,000 rows...
2026-09-10 15:28:54,812 | INFO | Scanned 5,000,000 rows...
2026-09-10 15:29:30,357 | INFO | Scanned 6,000,000 rows...
2026-09-10 15:30:11,448 | INFO | Scanned 7,000,000 rows...
2026-09-10 15:30:51,958 | INFO | Scanned 8,000,000 rows...
2026-09-10 15:31:29,295 | INFO | Scanned 9,000,000 rows...
2026-09-10 15:32:07,732 | INFO | Scanned 10,000,000 rows...
2026-09-10 15:32:45,482 | INFO | Scanned 11,000,000 rows...
2026-09-10 15:33:19,022 | INFO | Scanned 12,000,000 rows...
2026-09-10 15:33:55,970 | INFO | Scanned 13,000,000 rows...
2026-09-10 15:34:32,888 | INFO | Scanned 14,000,000 rows...
2026-09-10 15:35:42,410 | INFO | Scanned 15,000,000 rows...
2026-09-10 15:36:26,883 | INFO | Scanned 16,000,000 rows...
2026-09-10 15:36:35,355 | INFO | Constant Columns Found : 0
2026-09-10 15:36:35,355 | INFO | Writing cleaned dataset...
2026-09-10 15:37:18,982 | INFO | Written 1,000,000 rows...
2026-09-10 15:37:47,855 | INFO | Written 2,000,000 rows...
