2026-09-11 16:30:18,189 | INFO | ============================================================
2026-09-11 16:30:18,192 | INFO | FEATURE SELECTION STARTED
2026-09-11 16:30:18,192 | INFO | ============================================================
2026-09-11 16:30:18,192 | INFO | Pass 1 : Scanning dataset...
2026-09-11 16:30:30,900 | INFO | Scanned 1,000,000 rows...
2026-09-11 16:30:44,436 | INFO | Scanned 2,000,000 rows...
2026-09-11 16:30:55,372 | INFO | Scanned 3,000,000 rows...
2026-09-11 16:31:11,453 | INFO | Scanned 4,000,000 rows...
2026-09-11 16:31:25,339 | INFO | Scanned 5,000,000 rows...
2026-09-11 16:31:40,395 | INFO | Scanned 6,000,000 rows...
2026-09-11 16:31:54,779 | INFO | Scanned 7,000,000 rows...
2026-09-11 16:32:11,448 | INFO | Scanned 8,000,000 rows...
2026-09-11 16:32:26,255 | INFO | Scanned 9,000,000 rows...
2026-09-11 16:32:41,953 | INFO | Scanned 10,000,000 rows...
2026-09-11 16:32:55,937 | INFO | Scanned 11,000,000 rows...
2026-09-11 16:33:07,950 | INFO | Scanned 12,000,000 rows...
2026-09-11 16:33:20,894 | INFO | Scanned 13,000,000 rows...
2026-09-11 16:33:32,234 | INFO | Scanned 14,000,000 rows...
2026-09-11 16:33:49,590 | INFO | Scanned 15,000,000 rows...
2026-09-11 16:34:02,099 | INFO | Scanned 16,000,000 rows...
2026-09-11 16:34:05,042 | INFO | Constant Columns Found : 0
2026-09-11 16:34:05,042 | INFO | Pass 2 : Writing cleaned dataset...
2026-09-11 16:34:37,007 | INFO | Written 1,000,000 rows...
2026-09-11 16:35:15,788 | INFO | Written 2,000,000 rows...
2026-09-11 16:35:48,965 | INFO | Written 3,000,000 rows...
2026-09-11 16:36:26,971 | INFO | Written 4,000,000 rows...
2026-09-11 16:37:59,914 | INFO | Written 5,000,000 rows...
2026-09-11 16:38:42,732 | INFO | Written 6,000,000 rows...
2026-09-11 16:39:26,769 | INFO | Written 7,000,000 rows...
2026-09-11 16:40:13,543 | INFO | Written 8,000,000 rows...
2026-09-11 16:44:03,091 | INFO | Written 9,000,000 rows...
2026-09-11 16:45:03,443 | INFO | Written 10,000,000 rows...
2026-09-11 16:46:00,065 | INFO | Written 11,000,000 rows...
2026-09-11 16:47:14,150 | INFO | Written 12,000,000 rows...
2026-09-11 16:48:35,733 | INFO | Written 13,000,000 rows...
2026-09-11 16:49:56,893 | INFO | Written 14,000,000 rows...
2026-09-11 16:51:17,193 | INFO | Written 15,000,000 rows...
2026-09-11 16:54:01,919 | INFO | Written 16,000,000 rows...
2026-09-11 16:54:23,129 | INFO | ============================================================
2026-09-11 16:54:23,129 | INFO | FEATURE SELECTION COMPLETED
2026-09-11 16:54:23,130 | INFO | ============================================================
