2026-09-10 15:04:53,849 | INFO | ==================================================
2026-09-10 15:04:53,850 | INFO | FEATURE SELECTION STARTED
2026-09-10 15:04:53,850 | INFO | ==================================================
2026-09-10 15:04:53,850 | INFO | Scanning dataset for constant columns...
2026-09-10 15:05:08,366 | INFO | Scanned 1,000,000 rows...
2026-09-10 15:05:23,093 | INFO | Scanned 2,000,000 rows...
2026-09-10 15:05:32,502 | INFO | Scanned 3,000,000 rows...
2026-09-10 15:05:44,360 | INFO | Scanned 4,000,000 rows...
2026-09-10 15:05:54,989 | INFO | Scanned 5,000,000 rows...
2026-09-10 15:06:06,060 | INFO | Scanned 6,000,000 rows...
2026-09-10 15:06:17,115 | INFO | Scanned 7,000,000 rows...
2026-09-10 15:06:28,656 | INFO | Scanned 8,000,000 rows...
2026-09-10 15:06:38,578 | INFO | Scanned 9,000,000 rows...
2026-09-10 15:06:51,279 | INFO | Scanned 10,000,000 rows...
2026-09-10 15:07:02,067 | INFO | Scanned 11,000,000 rows...
2026-09-10 15:07:11,174 | INFO | Scanned 12,000,000 rows...
2026-09-10 15:07:21,083 | INFO | Scanned 13,000,000 rows...
2026-09-10 15:07:31,861 | INFO | Scanned 14,000,000 rows...
2026-09-10 15:07:48,886 | INFO | Scanned 15,000,000 rows...
2026-09-10 15:08:00,341 | INFO | Scanned 16,000,000 rows...
2026-09-10 15:08:02,538 | INFO | Constant Columns Found : 0
2026-09-10 15:08:02,538 | INFO | Writing cleaned dataset...
2026-09-10 15:08:13,655 | INFO | Written 1,000,000 rows...
2026-09-10 15:08:23,981 | INFO | Written 2,000,000 rows...
2026-09-10 15:08:36,179 | INFO | Written 3,000,000 rows...
2026-09-10 15:08:50,153 | INFO | Written 4,000,000 rows...
2026-09-10 15:09:03,082 | INFO | Written 5,000,000 rows...
2026-09-10 15:09:19,217 | INFO | Written 6,000,000 rows...
2026-09-10 15:09:40,325 | INFO | Written 7,000,000 rows...
2026-09-10 15:09:58,634 | INFO | Written 8,000,000 rows...
2026-09-10 15:10:16,346 | INFO | Written 9,000,000 rows...
2026-09-10 15:10:36,645 | INFO | Written 10,000,000 rows...
2026-09-10 15:10:57,975 | INFO | Written 11,000,000 rows...
2026-09-10 15:11:15,569 | INFO | Written 12,000,000 rows...
2026-09-10 15:11:31,298 | INFO | Written 13,000,000 rows...
2026-09-10 15:11:47,357 | INFO | Written 14,000,000 rows...
2026-09-10 15:12:16,893 | INFO | Written 15,000,000 rows...
2026-09-10 15:12:34,172 | INFO | Written 16,000,000 rows...
2026-09-10 15:12:37,172 | INFO | ==================================================
2026-09-10 15:12:37,173 | INFO | FEATURE SELECTION COMPLETED
2026-09-10 15:12:37,173 | INFO | ==================================================
